Copyright 1986-2019 Xilinx, Inc. All Rights Reserved.
--------------------------------------------------------------------------------------------------------------------------------------------------
| Tool Version : Vivado v.2019.2 (win64) Build 2708876 Wed Nov  6 21:40:23 MST 2019
| Date         : Mon Oct 31 11:15:11 2022
| Host         : RHIT-R90VFCAK running 64-bit major release  (build 9200)
| Command      : report_methodology -file pong_methodology_drc_routed.rpt -pb pong_methodology_drc_routed.pb -rpx pong_methodology_drc_routed.rpx
| Design       : pong
| Device       : xc7a100tcsg324-1
| Speed File   : -1
| Design State : Fully Routed
--------------------------------------------------------------------------------------------------------------------------------------------------

Report Methodology

Table of Contents
-----------------
1. REPORT SUMMARY
2. REPORT DETAILS

1. REPORT SUMMARY
-----------------
            Netlist: netlist
          Floorplan: design_1
      Design limits: <entire design considered>
             Max violations: <unlimited>
             Violations found: 1
+---------+----------+------------------------------+------------+
| Rule    | Severity | Description                  | Violations |
+---------+----------+------------------------------+------------+
| LUTAR-1 | Warning  | LUT drives async reset alert | 1          |
+---------+----------+------------------------------+------------+

2. REPORT DETAILS
-----------------
LUTAR-1#1 Warning
LUT drives async reset alert  
LUT cell video_timer_inst/ypos[9]_i_1, with 2 or more inputs, drives asynchronous preset/clear pin(s) video_timer_inst/xpos_reg[0]/CLR, video_timer_inst/xpos_reg[1]/CLR, video_timer_inst/xpos_reg[2]/CLR, video_timer_inst/xpos_reg[3]/CLR, video_timer_inst/xpos_reg[4]/CLR, video_timer_inst/xpos_reg[5]/CLR, video_timer_inst/xpos_reg[6]/CLR, video_timer_inst/xpos_reg[7]/CLR, video_timer_inst/xpos_reg[8]/CLR, video_timer_inst/xpos_reg[9]/CLR. The LUT may glitch and trigger an unexpected reset, even if it is a properly timed path.
Related violations: <none>


